[0;40;30m [37m.   |    .| .    [30m [37m.   | . . |  . [30m [37m.   |     . [30m [37m.   | . [30m [37m.   |  .  [30m [37m.   |  
 |   . |  .  | . |   .  | .    | . .    .|  | . . . |   .  .  |   .  .
  .  |    |       . |    |        | .         |     . |[5C .  |
