[0m[1;30m&[0m&[1m$$[0md$[1m$$[0md$[1m$$$[0m$&[1;30m&[0;34m$::$[37m$[1m&&[0m@[1;30m@@@&[0m&[1m$[0m$[1m$$[0m$[34m$:([1;32mod$bn[0;34m)[37m$[1m$$[0m"[32m,odObn.[34m"$[37m$[1m$$[0m([1;32md$b[0;34mT[1;32md$b[0;34mT[1;32md$b[0;34m)[37m$[1m$$$[0m$
[34m:::[1;30m~~"""[33m7[30m"""~[0;34m::'[32m,xoddO$$$$$$$Obon._[34m`::.[33mT[34m.:::'[32m,dO$$$$$Ob.[34m~[1;30m"[33m7[30m"'[0;33mT[34m,:.[33mT[34m,:.[33mT[34m,:[32m,od$$[37m
[32m########&&&&&$$$[1m$$$$$$$$$$$$$$$$$$$[0;32m$$&&&&&&bnooooooooooood&&$$$$$$$$$$$$$&&bo[37m