[0;40;30m [37m.   |[5C|[6C[30m [37m.   |   . |    [30m [37m.   |    [30m [37m. [30m [37m.   |   [30m [37m.   |[5C[30m [37m.   |  
 |   . |  .  |   |   .  | .    |   .[5C|  |   .   |   .[5C|   .
     |    |         |    |        |[5C      |       |[5C    |
