[0;46;37m [1;33m∞±≤≤±∞[0;46m                             [1;34m [0;46;32m‹[1;42m∞±∞[0;46;32m‹ [37m       [32m‹‹‹ [37m      [1;42;32m∞±∞[46m [42m∞±∞[46m [42m∞±∞[46m [0;46m     [0m
[46m  [1;33m∞±±∞[0;46m         [1;32m‹‹‹‹‹‹‹‹‹‹‹‹‹‹‹‹‹‹‹‹‹‹ [0;46;33m¿◊Ÿ  [37m [1;36m  [0;46;32m‹‹€€€€€€€‹‹ [37m [36m [33m¿◊Ÿ ¿◊Ÿ ¿◊Ÿ [32m‹‹‹€€[0m
[1;46;32m‹‹‹‹‹‹‹‹‹‹€€€€€€[42m≤≤≤±±±±∞∞∞    ∞∞±±≤≤[46m€€€€€€‹‹‹[42m‹‹‹‹‹‹‹‹‹‹‹‹‹‹[46m€€€€€€€€€€€€€€€[42m‹‹‹[0m
