[0;44;30m       [36m~ї._)  -.__)   .ї_)   ~`._)    [32mм[1;42mБА[0;44;32mн,' ,    ммм [36m~`._) [32mм[1;42mБА[0;44;32mнм[1;42mБА[0;44;32mнм[1;42mБА[0;44;32mн`,   [0m
[44;32m   [36m~`._)       [1;32mмммммммммммммммммммммм [0;44;33mРзй  [32m`  ммлллллллмм   [33mРзй[32m`[33mРзй[32m'[33mРзй [32mмммлл[0m
[1;44;32mммммммммммл[46mллллл[42mВВВББББААА    ААББВВл[46mллллл[44mм[42mмммммммммммммммм[46mллллллллллллллл[42mммм[0m
