[0;40;37m  њ    [1mњ[0m  [34mњ[37m [1m.[0m [34m.њ[1;30m.[0m  [34mњ[1;37mњ[0m  [34mњ[37m  [1;30m.[0;34mњ[37m   [1m.[0m [1;30mњ[0m   [32mм[1;42mАБА[0;32mм[37m  [1m.[0m [1;30mњ[0m   [32mммм[37m    [1mњ[30m.[0m [1;42;32mАБА[40m [42mАБА[0;32m [1;42mАБА[0m  [1;30m.
[0m   [1mњ[0m[7C[1;30mњ[0m   [1;32mмммммммммммммммммммммм[0;32m [33mРзй[37m[5C[32mммлллллллмм  [1m [0;33mРзй[1;32m [0;33mРзй[32m [33mРзй[32m ммм[46mл[42mл[0m
[1;32mмммммммммм[46mлллллл[42mВВВББББААА    ААББВВл[46mллллл[40mмм[42mммммммммммммммм[46mллллллллллллллл[42mммм[0m
