[0;40;37m [1;30m∞∞±±∞∞∞[0m  [34m˙[37m [1;30m∞±∞[0;34m˙[1;30m∞[0m  [1;30m∞±∞∞[0;34m˙[37m [1;30m∞±∞∞[0m [1;30m∞±∞∞[0m   [32m‹[1;42m∞±∞[0;32m‹[37m  [1;30m∞±∞[0m   [32m‹‹‹[37m   [1;30m∞±∞[0m [1;42;32m∞±∞[40m [42m∞±∞[0;32m [1;42m∞±∞[0m [1;30m±∞
[0m  [1;30m∞∞∞∞[0m[5C[1;30m [0m   [1;32m‹‹‹‹‹‹‹‹‹‹‹‹‹‹‹‹‹‹‹‹‹‹[0;32m [33m¿◊Ÿ[37m[5C[32m‹‹€€€€€€€‹‹  [1m [0;33m¿◊Ÿ[1;32m [0;33m¿◊Ÿ[32m [33m¿◊Ÿ[32m ‹‹‹[46m€[42m€[0m
[1;32m‹‹‹‹‹‹‹‹‹‹[46m€€€€€€[42m≤≤≤±±±±∞∞∞    ∞∞±±≤≤€[46m€€€€€[40m‹‹[42m‹‹‹‹‹‹‹‹‹‹‹‹‹‹‹[46m€€€€€€€€€€€€€€€[42m‹‹‹[0m
