[0;40;37mњ[1m. [36m*[37m.љ: [36m+[37m. [36m*[37m.љ љ.[36m+[0m.[1mљ.[0mњ[1;36m*[0mњ[1m.љ:љ.њ[36m+[0m.[1mњ.[0mњ[1;36m* [0mм[1;47mАБА[0mм .[1;36m* [0m.[1m:[0mњ ммм [1mњ:.[36m+[37mњ [47mАБА[40m [47mАБА[40m [47mАБА[40m [0mњ[1m.[0mњ[1;36m+
[37m. [36m*[37m.[0m.[1;36m+[0m.[1mљ. [36m*[37m. [36m+ [37mмммммммммммммммммммммм [0;33mРзй [37mњ[1m.[0m.њммлллллллмм [1mњ [0;33mРзй Рзй Рзй[37mњммм[46mлл[0m
[1mмммммммммм[47mллллллВВВББББААА    ААББВВлллллл[40mмм[47mмммммммммммммммлллллллллллллллммм[0m
