[0;40;37m[7C[1;30m~ї._)  -.__)   .ї_)   ~`._)    [0;32mм[1;42mБА[0;32mн,' ,    ммм [1;30m~`._) [0;32mм[1;42mБА[0;32mнм[1;42mБА[0;32mнм[1;42mБА[0;32mн`,
   [1;30m~`._)[0m[7C[1;32mмммммммммммммммммммммм [0;33mРзй  [32m`  ммл[44mлллллл[40mмм   [33mРзй[32m`[33mРзй[32m'[33mРзй [32mммм[44mлл[0m
[1;32mммммммммммл[46mллллл[42mВВВББББААА    ААББВВл[46mллллл[40mмм[42mммммммммммммммм[46mллллллллллллллл[42mммм[0m
