[0;40;30m [37m` [1;30m‹[0m‹‹[1;30m‹ [0m` ~[1;30mﬂ[33mﬁ[30mﬂ[0m~ ` [1;30m‹[0m‹‹[1;30m‹  [0m`  [1;30mﬂ[0mﬂ[1;30mﬂﬂ[0m~ [1m.[0m` [1m.[0;32m‹[1;42m∞±∞[0;32m‹   [37m` [1m.[0m` [32m‹‹‹ [37m` [1;30m‹[0m‹ `[1;42;32m∞±∞[40m [42m∞±∞[40m [42m∞±∞[40m  [37m`  `
[0;36m`[37m [1;36m.[33m  [36m.[0;36m` [1m.[0;36m` [1;33m⁄¥[0;36m [1m`[32m‹‹‹‹‹‹‹‹‹‹‹‹‹‹‹‹‹‹‹‹‹‹ [0;33m¿◊Ÿ  [1;36m`  [0;32m‹‹€€€€€€€‹‹ [36m` [33m¿◊Ÿ ¿◊Ÿ ¿◊Ÿ[1;37m`[0;32m‹‹‹[44m€€[0m
[1;32m‹‹‹‹‹‹‹‹‹‹€[46m€€€€€[42m≤≤≤±±±±∞∞∞    ∞∞±±≤≤€[46m€€€€€[40m‹‹[42m‹‹‹‹‹‹‹‹‹‹‹‹‹‹‹[46m€€€€€€€€€€€€€€€[42m‹‹‹[0m
