[0m$[1m$$$[0md$[1m$$[0md$[1m$$$[0m$$$[36m$$$$[37m$[1m&&[0m@[1;30m@@@&[0m&[1m$[0m$[1m$$[0m$[36m$$([1;32mod$bn[0;36m)[37m$[1m$$[0m"[32m,odObn.[36m"$[37m$[1m$$[0m([1;32md$b[0;36mT[1;32md$b[0;36mT[1;32md$b[0;36m)[37m$[1m$$$[0m$
[36m$$$[37m$$$[1m$$$$[0m$$$[36m&P"[32m,xoddO$$$$$$$Obon._[36m"$$b[33mT[36md$$$"[32m,dO$$$$$Ob.[36m"Q$$b[33mT[36md$b[33mT[36md$b[33mT[36mdP[32m,od$$[37m
[32m########&&&&&$$$[1m$$$$$$$$$$$$$$$$$$$[0;32m$$&&&&&&bnooooooooooood&&$$$$$$$$$$$$$&&bo[37m