[0m[1;34m?????????????????????????????????????[32mod$bn[34m?????[0;32m,odObn.[1;34m??????[32md$b[34m?[32md$b[34m?[32md$b[34m??????[0m
[1;34m????????????????[0;32m,xoddO$$$$$$$Obon._[1;34m????[0;33mT[1;34m?????[0;32m,dO$$$$$Ob.[1;34m?????[0;33mT[1;34m???[0;33mT[1;34m???[0;33mT[1;34m??[0;32m,od$$[37m
[32m########&&&&&$$$[1m$$$$$$$$$$$$$$$$$$$[0;32m$$&&&&&&bnooooooooooood&&$$$$$$$$$$$$$&&bo[37m