[0m[1m*[0m  [1m*[0m  [1m*[0m  [1m*[0m  [1m*[0m      [1m*[0m   [1m*[0m   [1m*[0m    [1m*[0m  [1m*[0m [1mod$bn[0m [1m*[0m   [1m,odObn.[0m    [1m*[0m [1md$b[0m [1md$b[0m [1md$b[0m [1m*[0m [1m*[0m
  [1m*[0m [1m*[0m   [1m*[0m    [1m*[0m  [1m,xoddO$$$$$$$Obon._[0m [1m*[0m  [33mT[37m  [1m*[0m  [1m,dO$$$$$Ob.[0m [1m*[0m [1m*[0m [33mT[37m   [33mT[37m [1m*[0m [33mT[37m [1m*[0m,[1mod$$[0m
[1m########&&&&&$$$[0m$$$$$$$$$$$$$$$$$$[1m$$$&&&&&&bnooooooooooood&&$$$$$$$$$$$$$&&bo[0m