[0m[1;30m?????????????????????????????????????[32mod$bn[30m?????[0;32m,odObn.[1;30m??????[32md$b[30m?[32md$b[30m?[32md$b[30m??????[0m
[1;30m????????????????,[0;32mxoddO$$$$$$$Obon._[1;30m????[0;33mT[1;30m?????[0;32m,dO$$$$$Ob.[1;30m?????[0;33mT[1;30m???[0;33mT[1;30m???[0;33mT[1;30m??[0;32m,od$$[37m
[32m########&&&&&$$$[1m$$$$$$$$$$$$$$$$$$$[0;32m$$&&&&&&bnooooooooooood&&$$$$$$$$$$$$$&&bo[37m