[0m          [36m÷._)  -.__)   .÷_)   ~`._) [1;32mod$bn[0;32m'[36m    [32m,odObn.[36m `._) [1;32md$b[0;36m [1;32md$b[0;36m [1;32md$b[0;32m'[37m
[36m   ~`._)[37m        [32m,xoddO$$$$$$$Obon._[36m    [33mT[37m     [32m,dO$$$$$Ob.[37m     [33mT[36m [32m'[36m [33mT[36m [32m`[36m [33mT[36m [1;32m`[0;32m,od$$[37m
[32m########&&&&&$$$[1m$$$$$$$$$$$$$$$$$$$[0;32m$$&&&&&&bnooooooooooood&&$$$$$$$$$$$$$&&bo[37m